// Jest Snapshot v1, https://goo.gl/fbAQLP

exports[`LimitOrders #place works correct gas [ @skip-on-coverage ] 1`] = `433758`;

exports[`LimitOrders #place works correct gas second place at same tick [ @skip-on-coverage ] 1`] = `153634`;
