// Jest Snapshot v1, https://goo.gl/fbAQLP

exports[`ManagedSwapFee #getManagedFee gas cost 1`] = `54780`;
