// Jest Snapshot v1, https://goo.gl/fbAQLP

exports[`AlgebraPool gas tests [ @skip-on-coverage ] Filled VolatilityOracle swaps dynamic fee large swap crossing several initialized ticks 1`] = `215202`;

exports[`AlgebraPool gas tests [ @skip-on-coverage ] Filled VolatilityOracle swaps dynamic fee small swap with filled volatilityOracle 1`] = `164907`;

exports[`AlgebraPool gas tests [ @skip-on-coverage ] Filled VolatilityOracle swaps dynamic fee small swap with filled volatilityOracle after 4h 1`] = `200345`;

exports[`AlgebraPool gas tests [ @skip-on-coverage ] Filled VolatilityOracle swaps dynamic fee small swap with filled volatilityOracle after 8h 1`] = `193131`;

exports[`AlgebraPool gas tests [ @skip-on-coverage ] Filled VolatilityOracle swaps dynamic fee small swap with filled volatilityOracle after 24h 1`] = `163709`;

exports[`AlgebraPool gas tests [ @skip-on-coverage ] Filled VolatilityOracle swaps static fee large swap crossing several initialized ticks 1`] = `213973`;

exports[`AlgebraPool gas tests [ @skip-on-coverage ] Filled VolatilityOracle swaps static fee small swap with filled volatilityOracle 1`] = `163720`;

exports[`AlgebraPool gas tests [ @skip-on-coverage ] Filled VolatilityOracle swaps static fee small swap with filled volatilityOracle after 4h 1`] = `197185`;

exports[`AlgebraPool gas tests [ @skip-on-coverage ] Filled VolatilityOracle swaps static fee small swap with filled volatilityOracle after 8h 1`] = `208119`;

exports[`AlgebraPool gas tests [ @skip-on-coverage ] Filled VolatilityOracle swaps static fee small swap with filled volatilityOracle after 24h 1`] = `163192`;

exports[`AlgebraPool gas tests [ @skip-on-coverage ] Positions #burn above current price burn when only position using ticks 1`] = `117289`;

exports[`AlgebraPool gas tests [ @skip-on-coverage ] Positions #burn above current price entire position burn but other positions are using the ticks 1`] = `111137`;

exports[`AlgebraPool gas tests [ @skip-on-coverage ] Positions #burn above current price partial position burn 1`] = `115937`;

exports[`AlgebraPool gas tests [ @skip-on-coverage ] Positions #burn around current price burn when only position using ticks 1`] = `127168`;

exports[`AlgebraPool gas tests [ @skip-on-coverage ] Positions #burn around current price entire position burn but other positions are using the ticks 1`] = `115545`;

exports[`AlgebraPool gas tests [ @skip-on-coverage ] Positions #burn around current price partial position burn 1`] = `120345`;

exports[`AlgebraPool gas tests [ @skip-on-coverage ] Positions #burn below current price burn when only position using ticks 1`] = `126725`;

exports[`AlgebraPool gas tests [ @skip-on-coverage ] Positions #burn below current price entire position burn but other positions are using the ticks 1`] = `111798`;

exports[`AlgebraPool gas tests [ @skip-on-coverage ] Positions #burn below current price partial position burn 1`] = `116598`;

exports[`AlgebraPool gas tests [ @skip-on-coverage ] Positions #collect close to worst case 1`] = `52593`;

exports[`AlgebraPool gas tests [ @skip-on-coverage ] Positions #collect close to worst case, two tokens 1`] = `70312`;

exports[`AlgebraPool gas tests [ @skip-on-coverage ] Positions #mint above current price add to position existing 1`] = `128469`;

exports[`AlgebraPool gas tests [ @skip-on-coverage ] Positions #mint above current price new position mint first in range 1`] = `282332`;

exports[`AlgebraPool gas tests [ @skip-on-coverage ] Positions #mint above current price second position in same range 1`] = `145569`;

exports[`AlgebraPool gas tests [ @skip-on-coverage ] Positions #mint around current price add to position existing 1`] = `153538`;

exports[`AlgebraPool gas tests [ @skip-on-coverage ] Positions #mint around current price new position mint first in range 1`] = `360446`;

exports[`AlgebraPool gas tests [ @skip-on-coverage ] Positions #mint around current price second position in same range 1`] = `170638`;

exports[`AlgebraPool gas tests [ @skip-on-coverage ] Positions #mint below current price add to position existing 1`] = `129037`;

exports[`AlgebraPool gas tests [ @skip-on-coverage ] Positions #mint below current price new position mint first in range 1`] = `356677`;

exports[`AlgebraPool gas tests [ @skip-on-coverage ] Positions #mint below current price second position in same range 1`] = `146137`;

exports[`AlgebraPool gas tests [ @skip-on-coverage ] Positions #poke best case 1`] = `63711`;

exports[`AlgebraPool gas tests [ @skip-on-coverage ] fee is off #swap #swapExact0For1 first swap in block moves tick, no initialized crossings 1`] = `156630`;

exports[`AlgebraPool gas tests [ @skip-on-coverage ] fee is off #swap #swapExact0For1 first swap in block with no tick movement 1`] = `156599`;

exports[`AlgebraPool gas tests [ @skip-on-coverage ] fee is off #swap #swapExact0For1 first swap in block with no tick movement, static fee 1`] = `156075`;

exports[`AlgebraPool gas tests [ @skip-on-coverage ] fee is off #swap #swapExact0For1 first swap in block, large swap crossing a single initialized tick 1`] = `173190`;

exports[`AlgebraPool gas tests [ @skip-on-coverage ] fee is off #swap #swapExact0For1 first swap in block, large swap crossing several initialized ticks 1`] = `206740`;

exports[`AlgebraPool gas tests [ @skip-on-coverage ] fee is off #swap #swapExact0For1 first swap in block, large swap, no initialized crossings 1`] = `156697`;

exports[`AlgebraPool gas tests [ @skip-on-coverage ] fee is off #swap #swapExact0For1 large swap crossing several initialized ticks after some time passes 1`] = `206740`;

exports[`AlgebraPool gas tests [ @skip-on-coverage ] fee is off #swap #swapExact0For1 large swap crossing several initialized ticks second time after some time passes 1`] = `225940`;

exports[`AlgebraPool gas tests [ @skip-on-coverage ] fee is off #swap #swapExact0For1 second swap in block moves tick, no initialized crossings 1`] = `126863`;

exports[`AlgebraPool gas tests [ @skip-on-coverage ] fee is off #swap #swapExact0For1 second swap in block with no tick movement 1`] = `126827`;

exports[`AlgebraPool gas tests [ @skip-on-coverage ] fee is off #swap #swapExact0For1 second swap in block, large swap crossing a single initialized tick 1`] = `142608`;

exports[`AlgebraPool gas tests [ @skip-on-coverage ] fee is off #swap #swapExact0For1 second swap in block, large swap crossing several initialized ticks 1`] = `176979`;

exports[`AlgebraPool gas tests [ @skip-on-coverage ] fee is off #swap #swapExact0For1 several large swaps with pauses 1`] = `233702`;

exports[`AlgebraPool gas tests [ @skip-on-coverage ] fee is off #swap #swapExact0For1 small swap after several large swaps with pauses 1`] = `164230`;

exports[`AlgebraPool gas tests [ @skip-on-coverage ] fee is off #swap #swapExact1For0 first swap in block moves tick, no initialized crossings 1`] = `156691`;

exports[`AlgebraPool gas tests [ @skip-on-coverage ] fee is off #swap #swapExact1For0 first swap in block with no tick movement 1`] = `156639`;

exports[`AlgebraPool gas tests [ @skip-on-coverage ] fee is off #swap #swapExact1For0 second swap in block with no tick movement 1`] = `126888`;

exports[`AlgebraPool gas tests [ @skip-on-coverage ] fee is off #swap farming connected first swap in block moves tick, no initialized crossings 1`] = `188038`;

exports[`AlgebraPool gas tests [ @skip-on-coverage ] fee is off #swap farming connected first swap in block with no tick movement 1`] = `187986`;

exports[`AlgebraPool gas tests [ @skip-on-coverage ] fee is off #swap farming connected second swap in block with no tick movement 1`] = `141135`;

exports[`AlgebraPool gas tests [ @skip-on-coverage ] fee is on #swap #swapExact0For1 first swap in block moves tick, no initialized crossings 1`] = `165429`;

exports[`AlgebraPool gas tests [ @skip-on-coverage ] fee is on #swap #swapExact0For1 first swap in block with no tick movement 1`] = `165398`;

exports[`AlgebraPool gas tests [ @skip-on-coverage ] fee is on #swap #swapExact0For1 first swap in block with no tick movement, static fee 1`] = `156312`;

exports[`AlgebraPool gas tests [ @skip-on-coverage ] fee is on #swap #swapExact0For1 first swap in block, large swap crossing a single initialized tick 1`] = `182226`;

exports[`AlgebraPool gas tests [ @skip-on-coverage ] fee is on #swap #swapExact0For1 first swap in block, large swap crossing several initialized ticks 1`] = `216487`;

exports[`AlgebraPool gas tests [ @skip-on-coverage ] fee is on #swap #swapExact0For1 first swap in block, large swap, no initialized crossings 1`] = `165496`;

exports[`AlgebraPool gas tests [ @skip-on-coverage ] fee is on #swap #swapExact0For1 large swap crossing several initialized ticks after some time passes 1`] = `216487`;

exports[`AlgebraPool gas tests [ @skip-on-coverage ] fee is on #swap #swapExact0For1 large swap crossing several initialized ticks second time after some time passes 1`] = `235687`;

exports[`AlgebraPool gas tests [ @skip-on-coverage ] fee is on #swap #swapExact0For1 second swap in block moves tick, no initialized crossings 1`] = `135662`;

exports[`AlgebraPool gas tests [ @skip-on-coverage ] fee is on #swap #swapExact0For1 second swap in block with no tick movement 1`] = `135626`;

exports[`AlgebraPool gas tests [ @skip-on-coverage ] fee is on #swap #swapExact0For1 second swap in block, large swap crossing a single initialized tick 1`] = `151644`;

exports[`AlgebraPool gas tests [ @skip-on-coverage ] fee is on #swap #swapExact0For1 second swap in block, large swap crossing several initialized ticks 1`] = `186726`;

exports[`AlgebraPool gas tests [ @skip-on-coverage ] fee is on #swap #swapExact0For1 several large swaps with pauses 1`] = `243449`;

exports[`AlgebraPool gas tests [ @skip-on-coverage ] fee is on #swap #swapExact0For1 small swap after several large swaps with pauses 1`] = `164467`;

exports[`AlgebraPool gas tests [ @skip-on-coverage ] fee is on #swap #swapExact1For0 first swap in block moves tick, no initialized crossings 1`] = `165501`;

exports[`AlgebraPool gas tests [ @skip-on-coverage ] fee is on #swap #swapExact1For0 first swap in block with no tick movement 1`] = `165449`;

exports[`AlgebraPool gas tests [ @skip-on-coverage ] fee is on #swap #swapExact1For0 second swap in block with no tick movement 1`] = `135698`;

exports[`AlgebraPool gas tests [ @skip-on-coverage ] fee is on #swap farming connected first swap in block moves tick, no initialized crossings 1`] = `196848`;

exports[`AlgebraPool gas tests [ @skip-on-coverage ] fee is on #swap farming connected first swap in block with no tick movement 1`] = `196796`;

exports[`AlgebraPool gas tests [ @skip-on-coverage ] fee is on #swap farming connected second swap in block with no tick movement 1`] = `149945`;
