// Jest Snapshot v1, https://goo.gl/fbAQLP

exports[`VolatilityOracleInteractions #consult gas test [ @skip-on-coverage ] 1`] = `12255`;

exports[`VolatilityOracleInteractions #getQuoteAtTick gas test [ @skip-on-coverage ] 1`] = `1134`;
